{"Headers":{"NServiceBus.AmazonSQS.TimeToBeReceived":"10675199.01:48:05.4775807","NServiceBus.ReplyToAddress":"TestReplyToAddress","NServiceBus.MessageId":"093C17C6-D32E-44FE-9134-65C10C1287EB"},"Body":"e30=","S3BodyKey":null,"TimeToBeReceived":"10675199.01:48:05.4775807","ReplyToAddress":{"Queue":"TestReplyToAddress","Machine":null}}